// Jest Snapshot v1, https://goo.gl/fbAQLP

exports[`<LabelForm /> should render <LabelForm /> correctly 1`] = `
<styled.form
  autoComplete="off"
  color="#7986cb"
  darkMode={0}
  noValidate={true}
>
  <WithStyles(ForwardRef(TextField))
    autoFocus={true}
    error={false}
    fullWidth={true}
    helperText=" "
    id="label-name"
    label="Label name"
    margin="normal"
    name="name"
    onBlur={[Function]}
    onChange={[Function]}
    required={true}
    value=""
    variant="filled"
  />
  <Styled(WithStyles(ForwardRef(TextField)))
    fullWidth={true}
    id="label-color"
    label="Label color"
    margin="normal"
    name="color"
    onChange={[Function]}
    required={true}
    select={true}
    value=""
    variant="filled"
  >
    <WithStyles(ForwardRef(MenuItem))
      key="1"
      value="#f44336"
    >
      <styled.span
        color="#f44336"
      />
      <span>
        Red
      </span>
    </WithStyles(ForwardRef(MenuItem))>
    <WithStyles(ForwardRef(MenuItem))
      key="2"
      value="#e91e63"
    >
      <styled.span
        color="#e91e63"
      />
      <span>
        Pink
      </span>
    </WithStyles(ForwardRef(MenuItem))>
    <WithStyles(ForwardRef(MenuItem))
      key="3"
      value="#9c27b0"
    >
      <styled.span
        color="#9c27b0"
      />
      <span>
        Purple
      </span>
    </WithStyles(ForwardRef(MenuItem))>
    <WithStyles(ForwardRef(MenuItem))
      key="4"
      value="#673ab7"
    >
      <styled.span
        color="#673ab7"
      />
      <span>
        Deep Purple
      </span>
    </WithStyles(ForwardRef(MenuItem))>
    <WithStyles(ForwardRef(MenuItem))
      key="5"
      value="#3f51b5"
    >
      <styled.span
        color="#3f51b5"
      />
      <span>
        Indigo
      </span>
    </WithStyles(ForwardRef(MenuItem))>
    <WithStyles(ForwardRef(MenuItem))
      key="6"
      value="#2196f3"
    >
      <styled.span
        color="#2196f3"
      />
      <span>
        Blue
      </span>
    </WithStyles(ForwardRef(MenuItem))>
    <WithStyles(ForwardRef(MenuItem))
      key="7"
      value="#03a9f4"
    >
      <styled.span
        color="#03a9f4"
      />
      <span>
        Light Blue
      </span>
    </WithStyles(ForwardRef(MenuItem))>
    <WithStyles(ForwardRef(MenuItem))
      key="8"
      value="#00bcd4"
    >
      <styled.span
        color="#00bcd4"
      />
      <span>
        Cyan
      </span>
    </WithStyles(ForwardRef(MenuItem))>
    <WithStyles(ForwardRef(MenuItem))
      key="9"
      value="#009688"
    >
      <styled.span
        color="#009688"
      />
      <span>
        Teal
      </span>
    </WithStyles(ForwardRef(MenuItem))>
    <WithStyles(ForwardRef(MenuItem))
      key="10"
      value="#4caf50"
    >
      <styled.span
        color="#4caf50"
      />
      <span>
        Green
      </span>
    </WithStyles(ForwardRef(MenuItem))>
    <WithStyles(ForwardRef(MenuItem))
      key="11"
      value="#8bc34a"
    >
      <styled.span
        color="#8bc34a"
      />
      <span>
        Light Green
      </span>
    </WithStyles(ForwardRef(MenuItem))>
    <WithStyles(ForwardRef(MenuItem))
      key="12"
      value="#cddc39"
    >
      <styled.span
        color="#cddc39"
      />
      <span>
        Lime
      </span>
    </WithStyles(ForwardRef(MenuItem))>
    <WithStyles(ForwardRef(MenuItem))
      key="13"
      value="#ffeb3b"
    >
      <styled.span
        color="#ffeb3b"
      />
      <span>
        Yellow
      </span>
    </WithStyles(ForwardRef(MenuItem))>
    <WithStyles(ForwardRef(MenuItem))
      key="14"
      value="#ffc107"
    >
      <styled.span
        color="#ffc107"
      />
      <span>
        Amber
      </span>
    </WithStyles(ForwardRef(MenuItem))>
    <WithStyles(ForwardRef(MenuItem))
      key="15"
      value="#ff9800"
    >
      <styled.span
        color="#ff9800"
      />
      <span>
        Orange
      </span>
    </WithStyles(ForwardRef(MenuItem))>
    <WithStyles(ForwardRef(MenuItem))
      key="16"
      value="#ff5722"
    >
      <styled.span
        color="#ff5722"
      />
      <span>
        Deep Orange
      </span>
    </WithStyles(ForwardRef(MenuItem))>
    <WithStyles(ForwardRef(MenuItem))
      key="17"
      value="#795548"
    >
      <styled.span
        color="#795548"
      />
      <span>
        Brown
      </span>
    </WithStyles(ForwardRef(MenuItem))>
    <WithStyles(ForwardRef(MenuItem))
      key="18"
      value="#9e9e9e"
    >
      <styled.span
        color="#9e9e9e"
      />
      <span>
        Grey
      </span>
    </WithStyles(ForwardRef(MenuItem))>
    <WithStyles(ForwardRef(MenuItem))
      key="19"
      value="#607d8b"
    >
      <styled.span
        color="#607d8b"
      />
      <span>
        Blue Grey
      </span>
    </WithStyles(ForwardRef(MenuItem))>
  </Styled(WithStyles(ForwardRef(TextField)))>
</styled.form>
`;
