// Jest Snapshot v1, https://goo.gl/fbAQLP

exports[`<DaySelect /> should render <DaySelect /> correctly 1`] = `
<Styled(MuiBox)
  my={2}
>
  <Styled(WithStyles(ForwardRef(FormControl)))
    variant="outlined"
  >
    <WithStyles(ForwardRef(InputLabel))
      id="day-select"
    >
      Week starts on
    </WithStyles(ForwardRef(InputLabel))>
    <WithStyles(ForwardRef(Select))
      label="Week starts on"
      labelId="day-select"
      onChange={[Function]}
      value=""
    >
      <WithStyles(ForwardRef(MenuItem))
        value="Monday"
      >
        Monday
      </WithStyles(ForwardRef(MenuItem))>
      <WithStyles(ForwardRef(MenuItem))
        value="Sunday"
      >
        Sunday
      </WithStyles(ForwardRef(MenuItem))>
    </WithStyles(ForwardRef(Select))>
  </Styled(WithStyles(ForwardRef(FormControl)))>
</Styled(MuiBox)>
`;
